<?xml version="1.0" encoding="UTF-8"?>
<TestRun id="1c6e593b-a32a-4fe9-b460-23a6e247ae2d" name="vladyslav.gorbatiuk@KBP1-DHP-F24209 2012-08-09 17:48:17" runUser="SYNAPSE\vladyslav.gorbatiuk" xmlns="http://microsoft.com/schemas/VisualStudio/TeamTest/2010">
  <TestSettings name="Local" id="ce025e81-9012-42c8-95db-292218b294a6">
    <Description>These are default test settings for a local test run.</Description>
    <Deployment enabled="false" runDeploymentRoot="vladyslav.gorbatiuk_KBP1-DHP-F24209 2012-08-09 17_48_17">
      <DeploymentItem filename="C:\Users\vladyslav.gorbatiuk.SYNAPSE\Documents\Visual Studio 2010\Projects\Graph\Graph\bin\Debug\Graph.exe" />
      <DeploymentItem filename="C:\Users\vladyslav.gorbatiuk.SYNAPSE\Documents\Visual Studio 2010\Projects\DataVisualization\DataVisualization\bin\Debug\DataVisualization.dll" />
    </Deployment>
    <Execution>
      <TestTypeSpecific />
      <AgentRule name="Execution Agents">
      </AgentRule>
    </Execution>
  </TestSettings>
  <Times creation="2012-08-09T17:48:17.5014682+03:00" queuing="2012-08-09T17:48:18.5225703+03:00" start="2012-08-09T17:48:18.5965777+03:00" finish="2012-08-09T17:49:21.7678942+03:00" />
  <ResultSummary outcome="Inconclusive">
    <Counters total="1" executed="1" error="0" failed="0" timeout="0" aborted="0" inconclusive="1" passedButRunAborted="0" notRunnable="0" notExecuted="0" disconnected="0" warning="0" passed="0" completed="0" inProgress="0" pending="0" />
  </ResultSummary>
  <TestDefinitions>
    <UnitTest name="AddGraphTest" storage="c:\users\vladyslav.gorbatiuk.synapse\documents\visual studio 2010\projects\graph\testgraphform\bin\debug\testgraphform.dll" id="2f800f48-1198-ec40-9e61-23b2f693d708">
      <Execution id="ee86a948-f774-463b-aee9-d421c4a909d9" />
      <TestMethod codeBase="C:/Users/vladyslav.gorbatiuk.SYNAPSE/Documents/Visual Studio 2010/Projects/Graph/TestGraphForm/bin/Debug/TestGraphForm.DLL" adapterTypeName="Microsoft.VisualStudio.TestTools.TestTypes.Unit.UnitTestAdapter, Microsoft.VisualStudio.QualityTools.Tips.UnitTest.Adapter, Version=10.0.0.0, Culture=neutral, PublicKeyToken=b03f5f7f11d50a3a" className="TestGraphForm.GraphFormTest, TestGraphForm, Version=1.0.0.0, Culture=neutral, PublicKeyToken=null" name="AddGraphTest" />
    </UnitTest>
  </TestDefinitions>
  <TestLists>
    <TestList name="Results Not in a List" id="8c84fa94-04c1-424b-9868-57a2d4851a1d" />
    <TestList name="All Loaded Results" id="19431567-8539-422a-85d7-44ee4e166bda" />
  </TestLists>
  <TestEntries>
    <TestEntry testId="2f800f48-1198-ec40-9e61-23b2f693d708" executionId="ee86a948-f774-463b-aee9-d421c4a909d9" testListId="8c84fa94-04c1-424b-9868-57a2d4851a1d" />
  </TestEntries>
  <Results>
    <UnitTestResult executionId="ee86a948-f774-463b-aee9-d421c4a909d9" testId="2f800f48-1198-ec40-9e61-23b2f693d708" testName="AddGraphTest" computerName="KBP1-DHP-F24209" duration="00:01:01.6444906" startTime="2012-08-09T17:48:18.6615842+03:00" endTime="2012-08-09T17:49:21.6698844+03:00" testType="13cdc9d9-ddb5-4fa4-a97d-d965ccfc6d4b" outcome="Inconclusive" testListId="8c84fa94-04c1-424b-9868-57a2d4851a1d" relativeResultsDirectory="ee86a948-f774-463b-aee9-d421c4a909d9">
      <Output>
        <ErrorInfo>
          <Message>Assert.Inconclusive failed. A method that does not return a value cannot be verified.</Message>
          <StackTrace>   at TestGraphForm.GraphFormTest.AddGraphTest() in C:\Users\vladyslav.gorbatiuk.SYNAPSE\Documents\Visual Studio 2010\Projects\Graph\TestGraphForm\GraphFormTest.cs:line 92
</StackTrace>
        </ErrorInfo>
      </Output>
    </UnitTestResult>
  </Results>
</TestRun>